// Jest Snapshot v1, https://goo.gl/fbAQLP

exports[`<IconButton> should match the snapshot 1`] = `
<div>
  <button
    class="iconButton"
  >
    <svg>
      create-24px.svg
    </svg>
  </button>
</div>
`;
