// Jest Snapshot v1, https://goo.gl/fbAQLP

exports[`<SubHeading> should match snapshot 1`] = `
<div>
  <div
    class="underline"
  >
    <h4
      class="subHeading"
    >
      text
    </h4>
  </div>
</div>
`;
